oled.c:16:6:OLED_ColorTurn	16	static
oled.c:29:6:OLED_DisplayTurn	16	static
oled.c:44:6:IIC_delay	16	static
oled.c:51:6:I2C_Start	8	static
oled.c:63:6:I2C_Stop	8	static
oled.c:72:6:I2C_WaitAck	8	static
oled.c:83:6:Send_Byte	24	static
oled.c:106:6:OLED_WR_Byte	16	static
oled.c:120:6:OLED_DisPlay_On	8	static
oled.c:128:6:OLED_DisPlay_Off	8	static
oled.c:136:6:OLED_Refresh	16	static
oled.c:158:6:OLED_Clear	16	static
oled.c:175:6:OLED_DrawPoint	24	static
oled.c:193:6:OLED_DrawLine	64	static
oled.c:229:6:OLED_DrawCircle	32	static
oled.c:263:6:OLED_ShowChar	32	static
oled.c:301:6:OLED_ShowString	32	static
oled.c:313:10:OLED_Pow	24	static
oled.c:329:6:OLED_ShowNum	40	static
oled.c:351:6:OLED_ShowChinese	40	static
oled.c:384:6:OLED_ScrollDisplay	40	static
oled.c:426:6:OLED_ShowPicture	32	static
oled.c:456:6:OLED_Init	8	static
